{
    "kalign_align_alignment": {
        "content": [
            [
                [
                    {
                        "id": "test"
                    },
                    "test.aln:md5,c165ecf48fb89862cc2a991cc3cadb2d"
                ]
            ]
        ],
        "meta": {
            "nf-test": "0.9.2",
            "nextflow": "24.10.4"
        },
        "timestamp": "2025-02-26T14:14:36.278890895"
    },
    "learnmsa_align_versions": {
        "content": [
            [
                
            ]
        ],
        "meta": {
            "nf-test": "0.9.2",
            "nextflow": "24.10.4"
        },
        "timestamp": "2025-02-26T14:25:08.672798822"
    },
    "clustalo_align_alignment": {
        "content": [
            [
                
            ]
        ],
        "meta": {
            "nf-test": "0.9.2",
            "nextflow": "24.10.4"
        },
        "timestamp": "2025-02-26T14:16:39.69612288"
    },
    "kalign_align_versions": {
        "content": [
            [
                "versions.yml:md5,e7d33c95bb5d69e8573c8ad4eb2aca2c"
            ]
        ],
        "meta": {
            "nf-test": "0.9.2",
            "nextflow": "24.10.4"
        },
        "timestamp": "2025-02-26T14:14:36.336612634"
    },
    "clustalo_align_versions": {
        "content": [
            [
                
            ]
        ],
        "meta": {
            "nf-test": "0.9.2",
            "nextflow": "24.10.4"
        },
        "timestamp": "2025-02-26T14:16:39.75436747"
    },
    "mafft_align_alignment": {
        "content": [
            [
                [
                    {
                        "id": "test",
                        "single_end": false
                    },
                    "test.fas:md5,23426611f4a0df532b6708f072bd445b"
                ]
            ]
        ],
        "meta": {
            "nf-test": "0.9.2",
            "nextflow": "24.10.4"
        },
        "timestamp": "2025-02-26T14:50:14.382788"
    },
    "mafft_align_versions": {
        "content": [
            [
                "versions.yml:md5,4eac1bd98ea7280bd9822cc13631b619"
            ]
        ],
        "meta": {
            "nf-test": "0.9.2",
            "nextflow": "24.10.4"
        },
        "timestamp": "2025-02-26T14:50:14.431466"
    },
    "tcoffee_align_versions": {
        "content": [
            [
                "versions.yml:md5,c5208e86b43e8c973c39c2bd8ca2932a"
            ]
        ],
        "meta": {
            "nf-test": "0.9.2",
            "nextflow": "24.10.4"
        },
        "timestamp": "2025-02-26T13:13:11.244144"
    },
    "tcoffee_align_alignment": {
        "content": [
            [
                [
                    {
                        "id": "test"
                    },
                    "test.aln:md5,a99aa6aa94e11653da64ff5c0c3a0d85"
                ]
            ]
        ],
        "meta": {
            "nf-test": "0.9.2",
            "nextflow": "24.10.4"
        },
        "timestamp": "2025-02-26T14:18:31.339885109"
    },
    "famsa_align_alignment": {
        "content": [
            [
                [
                    {
                        "id": "test"
                    },
                    "test.aln:md5,7cf7375f2ba360814ea978731838b972"
                ]
            ]
        ],
        "meta": {
            "nf-test": "0.9.2",
            "nextflow": "24.10.4"
        },
        "timestamp": "2025-02-26T13:11:35.22561"
    },
    "famsa_align_versions": {
        "content": [
            [
                "versions.yml:md5,c74ca8b91c442fc4ea29219ee1b724fd"
            ]
        ],
        "meta": {
            "nf-test": "0.9.2",
            "nextflow": "24.10.4"
        },
        "timestamp": "2025-02-26T13:11:35.27748"
    },
    "muscle5_super5_alignment": {
        "content": [
            [
                [
                    {
                        "id": "test"
                    },
                    "test.aln:md5,46ba556df08f7aabbe5e1ba31d226b6a"
                ]
            ]
        ],
        "meta": {
            "nf-test": "0.9.2",
            "nextflow": "24.10.4"
        },
        "timestamp": "2025-02-26T10:59:19.096521"
    },
    "magus_align_versions": {
        "content": [
            [
                "versions.yml:md5,9258e7c6deb7c3d816ba75cf111e09a8"
            ]
        ],
        "meta": {
            "nf-test": "0.9.2",
            "nextflow": "24.10.4"
        },
        "timestamp": "2025-02-26T13:12:53.134599"
    },
    "muscle5_super5_versions": {
        "content": [
            [
                "versions.yml:md5,48ec1b7cf99109e8495f3bc00d67a1eb"
            ]
        ],
        "meta": {
            "nf-test": "0.9.2",
            "nextflow": "24.10.4"
        },
        "timestamp": "2025-02-26T10:59:19.104182"
    }
}